09/20 10:33:23 [RenderSystem] Determined driver version for graphics adapter 0 [output 0] '': 32.0.21045.5002
09/20 10:33:23 [RenderSystem] Creating device for graphics adapter 0 'AMD Radeon RX 6700 XT' [vendorid 0x1002]: 32.0.21045.5002
09/20 10:33:23 [RenderSystem] Failed to save video settings config to 'cfg\video_tools.txt'
09/20 10:33:23 [RenderSystem] Successfully created dx11 swap chain [    Discard |    NoTear]
09/20 10:33:23 [Filesystem] ---------------
09/20 10:33:23 [Filesystem] Path ID:             File Path:
09/20 10:33:23 [Filesystem] ADDONS               "C:\Users\cjs\modlock-sdk-work\cs2\game\citadel_addons\" 
09/20 10:33:23 [Filesystem] CONTENT              "C:\Users\cjs\modlock-sdk-work\cs2\content\citadel\" 
09/20 10:33:23 [Filesystem] CONTENT              "C:\Users\cjs\modlock-sdk-work\cs2\content\core\" 
09/20 10:33:23 [Filesystem] CONTENT              "C:\Users\cjs\modlock-sdk-work\cs2\content\citadel_assets\" 
09/20 10:33:23 [Filesystem] CONTENTADDONS        "C:\Users\cjs\modlock-sdk-work\cs2\content\citadel_addons\" 
09/20 10:33:23 [Filesystem] CONTENTROOT          "C:\Users\cjs\modlock-sdk-work\cs2\content\" 
09/20 10:33:23 [Filesystem] DEFAULT_WRITE_PATH   "C:\Users\cjs\modlock-sdk-work\cs2\game\citadel\" 
09/20 10:33:23 [Filesystem] EXECUTABLE_PATH      "C:\Users\cjs\modlock-sdk-work\cs2\game\bin\win64\" 
09/20 10:33:23 [Filesystem] EXECUTABLE_PATH      "C:\Users\cjs\modlock-sdk-work\cs2\game\bin\" 
09/20 10:33:23 [Filesystem] GAME                 "C:\Users\cjs\modlock-sdk-work\cs2\game\core\pak01.vpk" (vpk) C:\Users\cjs\modlock-sdk-work\cs2\game\core\pak01.vpk
09/20 10:33:23 [Filesystem] GAME                 "C:\Users\cjs\modlock-sdk-work\cs2\game\citadel_assets\pak01.vpk" (vpk) C:\Users\cjs\modlock-sdk-work\cs2\game\citadel_assets\pak01.vpk
09/20 10:33:23 [Filesystem] GAME                 "C:\Users\cjs\modlock-sdk-work\cs2\game\core\shaders_pc.vpk" (vpk) C:\Users\cjs\modlock-sdk-work\cs2\game\core\shaders_pc.vpk
09/20 10:33:23 [Filesystem] GAME                 "C:\Users\cjs\modlock-sdk-work\cs2\game\citadel\" 
09/20 10:33:23 [Filesystem] GAME                 "C:\Users\cjs\modlock-sdk-work\cs2\game\core\" 
09/20 10:33:23 [Filesystem] GAME                 "C:\Users\cjs\modlock-sdk-work\cs2\game\citadel_assets\" 
09/20 10:33:23 [Filesystem] GAMEBIN              "C:\Users\cjs\modlock-sdk-work\cs2\game\citadel\bin\win64\" 
09/20 10:33:23 [Filesystem] GAMEBIN              "C:\Users\cjs\modlock-sdk-work\cs2\game\citadel\bin\" 
09/20 10:33:23 [Filesystem] GAMEBIN              "C:\Users\cjs\modlock-sdk-work\cs2\game\core\bin\win64\" 
09/20 10:33:23 [Filesystem] GAMEBIN              "C:\Users\cjs\modlock-sdk-work\cs2\game\core\bin\" 
09/20 10:33:23 [Filesystem] GAMEBIN              "C:\Users\cjs\modlock-sdk-work\cs2\game\citadel_assets\bin\win64\" 
09/20 10:33:23 [Filesystem] GAMEBIN              "C:\Users\cjs\modlock-sdk-work\cs2\game\citadel_assets\bin\" 
09/20 10:33:23 [Filesystem] GAMEROOT             "C:\Users\cjs\modlock-sdk-work\cs2\game\" 
09/20 10:33:23 [Filesystem] MOD                  "C:\Users\cjs\modlock-sdk-work\cs2\game\core\pak01.vpk" (vpk) C:\Users\cjs\modlock-sdk-work\cs2\game\core\pak01.vpk
09/20 10:33:23 [Filesystem] MOD                  "C:\Users\cjs\modlock-sdk-work\cs2\game\citadel\" 
09/20 10:33:23 [Filesystem] MOD                  "C:\Users\cjs\modlock-sdk-work\cs2\game\core\" 
09/20 10:33:23 [Filesystem] OFFICIAL_ADDONS      "C:\Users\cjs\modlock-sdk-work\cs2\game\citadel_community_addons\" 
09/20 10:33:23 [Filesystem] PLATFORM             "C:\Users\cjs\modlock-sdk-work\cs2\game\core\pak01.vpk" (vpk) C:\Users\cjs\modlock-sdk-work\cs2\game\core\pak01.vpk
09/20 10:33:23 [Filesystem] PLATFORM             "C:\Users\cjs\modlock-sdk-work\cs2\game\core\" 
09/20 10:33:23 [Filesystem] SHADER_SOURCE        "C:\Users\cjs\modlock-sdk-work\cs2\src\shaders\citadel\" 
09/20 10:33:23 [Filesystem] SHADER_SOURCE        "C:\Users\cjs\modlock-sdk-work\cs2\src\shaders\core\" 
09/20 10:33:23 [Filesystem] SHADER_SOURCE        "C:\Users\cjs\modlock-sdk-work\cs2\src\shaders\citadel_assets\" 
09/20 10:33:23 [Filesystem] SHADER_SOURCE        "C:\Users\cjs\modlock-sdk-work\cs2\src\shaders\citadel_community_addons\" 
09/20 10:33:23 [Filesystem] SHADER_SOURCE_MOD    "C:\Users\cjs\modlock-sdk-work\cs2\src\shaders\citadel\" 
09/20 10:33:23 [Filesystem] SHADER_SOURCE_ROOT   "C:\Users\cjs\modlock-sdk-work\cs2\src\shaders\" 
09/20 10:33:23 [CommandLine] command line arguments:
09/20 10:33:23 [CommandLine] -tools -insecure -novid -console -condebug -playtest +quit
09/20 10:33:23 [Networking] CNetworkSystem::Init() failed - no SteamNetworking()
09/20 10:33:23 [Networking] No steam client; SDR features will be unavailable
09/20 10:33:23 [SteamNetSockets] Initialized low level socket/threading support.
09/20 10:33:23 [Networking] Got ISteamNetworkingSockets user interfaces from standalone lib
09/20 10:33:23 [Networking] Allowing IP connections without auth
09/20 10:33:23 [Networking] Network System Initialized
09/20 10:33:24 [AssetSystem] AssetSystem: Mod 'core' set to read-only
09/20 10:33:24 [HelpSystem] Failed to find mod help file 'resource/toolhelp_models_gamedata_fgd_english.txt' (citadel) - new help will be written to 'C:\Users\cjs\modlock-sdk-work\cs2\game\citadel\resource\toolhelp_models_gamedata_fgd_english.txt'
09/20 10:33:24 [HelpSystem] Failed to find mod help file 'resource/toolhelp_models_base_fgd_english.txt' (core) - new help will be written to 'C:\Users\cjs\modlock-sdk-work\cs2\game\core\resource\toolhelp_models_base_fgd_english.txt'
09/20 10:33:24 [HelpSystem] Failed to find mod help file 'resource/toolhelp_models_base_breakables_fgd_english.txt' (core) - new help will be written to 'C:\Users\cjs\modlock-sdk-work\cs2\game\core\resource\toolhelp_models_base_breakables_fgd_english.txt'
09/20 10:33:24 [HelpSystem] Failed to find mod help file 'resource/toolhelp_modeldoc_editor_english.txt' (citadel) - new help will be written to 'C:\Users\cjs\modlock-sdk-work\cs2\game\citadel\resource\toolhelp_modeldoc_editor_english.txt'
09/20 10:33:24 [ToolFramework2] Registering system tool for extension:           '.xml':                           Microsoft Edge (exe 'C:\Program Files (x86)\Microsoft\Edge\Application\msedge.exe' args '--single-argument {FilePath}')
09/20 10:33:24 [ToolFramework2] Registering system tool for extension:            '.js':    Microsoft ® Windows Based Script Host (exe 'C:\Windows\System32\WScript.exe' args '"{FilePath}" %*')
09/20 10:33:24 [ToolFramework2] Registering system tool for extension:           '.tif':                     Windows Photo Viewer (exe 'C:\Windows\System32\rundll32.exe' args '"C:\Program Files\Windows Photo Viewer\PhotoViewer.dll", ImageView_Fullscreen {FilePath}')
09/20 10:33:24 [AssetSystem] AssetSystem loaded persistent info from 2 layers / 1783 assets in 0.01s
09/20 10:33:24 [AssetSystem] Scanning for Asset Files (1/6): 'Game (citadel)' = C:\Users\cjs\modlock-sdk-work\cs2\game\citadel\, previously scanned 0 directories and 0 files
09/20 10:33:24 [AssetSystem] Scanning for Asset Files (2/6): 'Game (core)' = C:\Users\cjs\modlock-sdk-work\cs2\game\core\, previously scanned 2 directories and 9 files
09/20 10:33:24 [AssetSystem] Scanning for Asset Files (3/6): 'Game (citadel_assets)' = C:\Users\cjs\modlock-sdk-work\cs2\game\citadel_assets\, previously scanned 2 directories and 9 files
09/20 10:33:24 [AssetSystem] Scanning for Asset Files (4/6): 'Content (citadel)' = C:\Users\cjs\modlock-sdk-work\cs2\content\citadel\, previously scanned 10 directories and 471 files
09/20 10:33:24 [AssetSystem] Scanning for Asset Files (5/6): 'Content (core)' = C:\Users\cjs\modlock-sdk-work\cs2\content\core\, previously scanned 10 directories and 471 files
09/20 10:33:24 [AssetSystem] Scanning for Asset Files (6/6): 'Content (citadel_assets)' = C:\Users\cjs\modlock-sdk-work\cs2\content\citadel_assets\, previously scanned 10 directories and 471 files
09/20 10:33:24 [AssetSystem] AssetSystem files scanned in 0.04 seconds.
09/20 10:33:24 [AssetSystem] AssetSystem pruned 0 stale assets
09/20 10:33:24 [AssetSystem] Asset System - Updating dependency information...
09/20 10:33:24 [AssetSystem] AssetSystem dependency data propagated in 0.00s (refreshed 0 of 1783)
09/20 10:33:24 [AssetSystem] AssetSystem dependency graph created in 0.01 seconds.
09/20 10:33:24 [AssetSystem] AssetSystem saved persistent info for 1 layers / 185 assets in 0.004 sec
09/20 10:33:24 [AssetSystem] AssetSystem initialized in 0.06 seconds. [0.01 load, 0.04 scan, 0.01 dependencies, 0.00 save]
09/20 10:33:24 [HelpSystem] Failed to find help file 'resource/toolhelp_fgd_from_asset_english.txt' - new help will be written to 'C:\Users\cjs\modlock-sdk-work\cs2\game\core\resource\toolhelp_fgd_from_asset_english.txt'
09/20 10:33:24 [SplitScreen] Clamping split screen users to 1 due to -tools mode.
09/20 10:33:24 [SoundSystem] Sound Initialization: Finish, Device Sampling Rate: 44100
09/20 10:33:26 [ResourceSystem] Failed loading resource "scripts/detail_prop_types.vdata_c" (ERROR_FILEOPEN: File not found)
09/20 10:33:26 Encountered unknown key name "KP_DOWNARROW"!
09/20 10:33:26 Encountered unknown key name "KP_LEFTARROW"!
09/20 10:33:26 Encountered unknown key name "KP_RIGHTARROW"!
09/20 10:33:26 Encountered unknown key name "KP_UPARROW"!
09/20 10:33:26 Encountered unknown key name "KP_DOWNARROW"!
09/20 10:33:26 Encountered unknown key name "KP_LEFTARROW"!
09/20 10:33:26 Encountered unknown key name "KP_RIGHTARROW"!
09/20 10:33:26 Encountered unknown key name "KP_UPARROW"!
09/20 10:33:26 Encountered unknown key name "KP_DOWNARROW"!
09/20 10:33:26 Encountered unknown key name "KP_LEFTARROW"!
09/20 10:33:26 Encountered unknown key name "KP_RIGHTARROW"!
09/20 10:33:26 Encountered unknown key name "KP_UPARROW"!
09/20 10:33:26 Encountered unknown key name "KP_DOWNARROW"!
09/20 10:33:26 Encountered unknown key name "KP_LEFTARROW"!
09/20 10:33:26 Encountered unknown key name "KP_RIGHTARROW"!
09/20 10:33:26 Encountered unknown key name "KP_UPARROW"!
09/20 10:33:26 [HostStateManager] CHostStateMgr::QueueNewRequest( Idle (console), 1 )
09/20 10:33:26 CDataModel: Failed to open file C:\Users\cjs\modlock-sdk-work\cs2\game\bin\win64\maps\editor\toolscene_default.vmap
09/20 10:33:26 Source2Init OK
09/20 10:33:26 [HostStateManager] HostStateRequest::Start(HSR_IDLE):  loop(console) id(1) addons() desc(Idle (console))
09/20 10:33:26 [EngineServiceManager] SwitchToLoop console requested:  id [1] addons []
09/20 10:33:26 Time: 0.012426
09/20 10:33:26 [HostStateManager] Host activate: Idle (console)
09/20 10:33:26 [InputSystem] Raw keyboard mode: 0
09/20 10:33:26 [SplitScreen] Writing configuration for slot 0
09/20 10:33:26 [HostStateManager] CHostStateMgr::QueueNewRequest( Quitting, 2 )
09/20 10:33:26 UpdateCompleterDataModelstime: 3.9818ms
09/20 10:33:26 [HostStateManager] HostStateRequest::Start(HSR_QUIT)
09/20 10:33:26 [HostStateManager] Host activate: Quitting
09/20 10:33:26 Dispatching EventAppShutdown_t {
09/20 10:33:26 } Dispatched EventAppShutdown_t
09/20 10:33:26 MainLoop returning
09/20 10:33:26 [ToolFramework2] Shutting down Qt windows...
09/20 10:33:26 [ToolFramework2] ..........
09/20 10:33:26 Source2Shutdown
09/20 10:33:26 ShutdownSource2Logging
