"KP_LEFTARROW"!
09/20 10:39:42 Encountered unknown key name "KP_RIGHTARROW"!
09/20 10:39:42 Encountered unknown key name "KP_UPARROW"!
09/20 10:39:42 Encountered unknown key name "KP_DOWNARROW"!
09/20 10:39:42 Encountered unknown key name "KP_LEFTARROW"!
09/20 10:39:42 Encountered unknown key name "KP_RIGHTARROW"!
09/20 10:39:42 Encountered unknown key name "KP_UPARROW"!
09/20 10:39:42 Encountered unknown key name "KP_DOWNARROW"!
09/20 10:39:42 Encountered unknown key name "KP_LEFTARROW"!
09/20 10:39:42 Encountered unknown key name "KP_RIGHTARROW"!
09/20 10:39:42 Encountered unknown key name "KP_UPARROW"!
09/20 10:39:42 Encountered unknown key name "KP_DOWNARROW"!
09/20 10:39:42 Encountered unknown key name "KP_LEFTARROW"!
09/20 10:39:42 Encountered unknown key name "KP_RIGHTARROW"!
09/20 10:39:42 Encountered unknown key name "KP_UPARROW"!
09/20 10:39:42 [HostStateManager] CHostStateMgr::QueueNewRequest( Idle (console), 1 )
09/20 10:39:42 CDataModel: Failed to open file C:\Users\cjs\modlock-sdk-work\cs2\game\bin\win64\maps\editor\toolscene_default.vmap
09/20 10:39:42 Engine loading startup asset: 'models/probe.vmdl'
09/20 10:40:16 [HelpSystem] Failed to find mod help file 'resource/toolhelp_citadel_fgd_english.txt' (citadel) - new help will be written to 'C:\Users\cjs\modlock-sdk-work\cs2\game\citadel\resource\toolhelp_citadel_fgd_english.txt'
09/20 10:40:16 [HelpSystem] Failed to find mod help file 'resource/toolhelp_base_fgd_english.txt' (core) - new help will be written to 'C:\Users\cjs\modlock-sdk-work\cs2\game\core\resource\toolhelp_base_fgd_english.txt'
09/20 10:40:16 [HelpSystem] Failed to find mod help file 'resource/toolhelp_lights_fgd_english.txt' (core) - new help will be written to 'C:\Users\cjs\modlock-sdk-work\cs2\game\core\resource\toolhelp_lights_fgd_english.txt'
09/20 10:40:16 [HelpSystem] Failed to find mod help file 'resource/toolhelp_lights_base_fgd_english.txt' (core) - new help will be written to 'C:\Users\cjs\modlock-sdk-work\cs2\game\core\resource\toolhelp_lights_base_fgd_english.txt'
09/20 10:40:16 [HelpSystem] Failed to find mod help file 'resource/toolhelp_lights2_fgd_english.txt' (core) - new help will be written to 'C:\Users\cjs\modlock-sdk-work\cs2\game\core\resource\toolhelp_lights2_fgd_english.txt'
09/20 10:40:16 [HelpSystem] Failed to find mod help file 'resource/toolhelp_markup_volumes_fgd_english.txt' (core) - new help will be written to 'C:\Users\cjs\modlock-sdk-work\cs2\game\core\resource\toolhelp_markup_volumes_fgd_english.txt'
09/20 10:40:16 [HelpSystem] Failed to find mod help file 'resource/toolhelp_postprocessing_fgd_english.txt' (core) - new help will be written to 'C:\Users\cjs\modlock-sdk-work\cs2\game\core\resource\toolhelp_postprocessing_fgd_english.txt'
09/20 10:40:16 [HelpSystem] Failed to find mod help file 'resource/toolhelp_ai_defaultnpc_fgd_english.txt' (core) - new help will be written to 'C:\Users\cjs\modlock-sdk-work\cs2\game\core\resource\toolhelp_ai_defaultnpc_fgd_english.txt'
09/20 10:40:16 [HelpSystem] Failed to find mod help file 'resource/toolhelp_ai_basenpc_fgd_english.txt' (core) - new help will be written to 'C:\Users\cjs\modlock-sdk-work\cs2\game\core\resource\toolhelp_ai_basenpc_fgd_english.txt'
09/20 10:40:16 CDataModel: Failed to open file C:\Users\cjs\modlock-sdk-work\cs2\game\bin\win64\maps\editor\toolscene_default.vmap
09/20 10:40:16 [MaterialSystem] CMaterial2::GetVertexShaderInputSignature(767): Error! Material "materials/dev/color_purple.vmat" doesn't have any valid layers to get the CVsInputSignatureVector from!
09/20 10:40:16 [MaterialSystem] CMaterial2::GetVertexShaderInputSignature(767): Error! Material "materials/dev/color_purple.vmat" doesn't have any valid layers to get the CVsInputSignatureVector from!
09/20 10:40:16 [MaterialSystem] CMaterial2::GetVertexShaderInputSignature(767): Error! Material "materials/dev/color_purple.vmat" doesn't have any valid layers to get the CVsInputSignatureVector from!
09/20 10:40:16 Source2Init OK
09/20 10:40:16 [HostStateManager] HostStateRequest::Start(HSR_IDLE):  loop(console) id(1) addons() desc(Idle (console))
09/20 10:40:16 [EngineServiceManager] SwitchToLoop console requested:  id [1] addons []
09/20 10:40:16 Time: 0.012469
09/20 10:40:16 [HostStateManager] Host activate: Idle (console)
09/20 10:40:16 [InputSystem] Raw keyboard mode: 0
09/20 10:40:16 [SplitScreen] Writing configuration for slot 0
09/20 10:40:16 [HostStateManager] CHostStateMgr::QueueNewRequest( Quitting, 2 )
09/20 10:40:16 [HostStateManager] CHostStateMgr::QueueNewRequest( Quitting, 3 )
09/20 10:40:16 [RenderSystem] Successfully created dx11 swap chain [    Discard |    NoTear]
09/20 10:40:16 UpdateCompleterDataModelstime: 3.1046ms
09/20 10:40:16 [MaterialSystem] CMaterial2::GetVertexShaderInputSignature(767): Error! Material "materials/dev/color_purple.vmat" doesn't have any valid layers to get the CVsInputSignatureVector from!
09/20 10:40:16 [HostStateManager] HostStateRequest::Start(HSR_QUIT)
09/20 10:40:16 [HostStateManager] Host activate: Quitting
09/20 10:40:16 Dispatching EventAppShutdown_t {
09/20 10:40:16 } Dispatched EventAppShutdown_t
09/20 10:40:16 Blocked change to read-only path cfg\machine_convars.vcfg!
09/20 10:40:16 MainLoop returning
09/20 10:40:16 [ToolFramework2] Shutting down Qt windows...
09/20 10:40:16 [ToolFramework2] ..........
09/20 10:40:16 Source2Shutdown
09/20 10:40:16 ShutdownSource2Logging
